<html>
<body>
<pre>
<h1>µVision Build Log</h1>
<h2>Tool Versions:</h2>
IDE-Version: ¦ÌVision V5.36.0.0
Copyright (C) 2021 ARM Ltd and ARM Germany GmbH. All rights reserved.
License Information: 11 ASUS, 52, LIC=MGXG8-3AKYP-C2IL6-DUGNX-TY5SC-6SVJF
 
Tool Versions:
Toolchain:       MDK-ARM Professional  Version: 5.36.0.0
Toolchain Path:  D:\Keil_v5\ARM\ARMCC\Bin
C Compiler:      Armcc.exe V5.06 update 7 (build 960)
Assembler:       Armasm.exe V5.06 update 7 (build 960)
Linker/Locator:  ArmLink.exe V5.06 update 7 (build 960)
Library Manager: ArmAr.exe V5.06 update 7 (build 960)
Hex Converter:   FromElf.exe V5.06 update 7 (build 960)
CPU DLL:         SARMCM3.DLL V5.36.0.0
Dialog DLL:      DCM.DLL V1.17.3.0
Target DLL:      STLink\ST-LINKIII-KEIL_SWO.dll V3.0.9.0
Dialog DLL:      TCM.DLL V1.53.0.0
 
<h2>Project:</h2>
D:\motor\version\motor0.1\MDK-ARM\motor0.1.uvprojx
Project File Date:  03/21/2024

<h2>Output:</h2>
*** Using Compiler 'V5.06 update 7 (build 960)', folder: 'D:\Keil_v5\ARM\ARMCC\Bin'
Build target 'motor0.1'
compiling motor.c...
..\User\motor.c(93): warning:  #1035-D: single-precision operand implicitly converted to double-precision
  	angle=_2PI-bsp_as5600GetAngle();
..\User\motor.c(109): warning:  #1035-D: single-precision operand implicitly converted to double-precision
  	angle=_2PI-bsp_as5600GetAngle();
..\User\motor.c(118): warning:  #1035-D: single-precision operand implicitly converted to double-precision
  		angle = _2PI - angle_rad_offset + angle;
..\User\motor.c(170): warning:  #1035-D: single-precision operand implicitly converted to double-precision
  		velocity=velocity*60.0f/_2PI*SPEED_SAMPLING_FREQ;
..\User\motor.c(39): warning:  #177-D: variable "FullRotationOffset"  was declared but never referenced
  static float FullRotationOffset;
..\User\motor.c: 5 warnings, 0 errors
linking...
Program Size: Code=14544 RO-data=480 RW-data=100 ZI-data=1372  
FromELF: creating hex file...
"motor0.1\motor0_1.axf" - 0 Error(s), 5 Warning(s).

<h2>Software Packages used:</h2>

Package Vendor: ARM
                http://www.keil.com/pack/ARM.CMSIS.5.8.0.pack
                ARM.CMSIS.5.8.0
                CMSIS (Common Microcontroller Software Interface Standard)
   * Component: CORE Version: 5.5.0

Package Vendor: Keil
                https://www.keil.com/pack/Keil.STM32F4xx_DFP.2.17.1.pack
                Keil.STM32F4xx_DFP.2.17.1
                STMicroelectronics STM32F4 Series Device Support, Drivers and Examples

<h2>Collection of Component include folders:</h2>
  .\RTE\_motor0.1
  D:\Users\ASUS\AppData\Local\Arm\Packs\ARM\CMSIS\5.8.0\CMSIS\Core\Include
  D:\Users\ASUS\AppData\Local\Arm\Packs\Keil\STM32F4xx_DFP\2.17.1\Drivers\CMSIS\Device\ST\STM32F4xx\Include

<h2>Collection of Component Files used:</h2>

   * Component: ARM::CMSIS:CORE:5.5.0
      Include file:  CMSIS\Core\Include\tz_context.h
Build Time Elapsed:  00:00:02
</pre>
</body>
</html>
